
> ghdata@1.0.0 build
> next build

   Γû▓ Next.js 15.1.9
   - Environments: .env.local

   Creating an optimized production build ...
node.exe : Failed to 
compile.
At line:1 char:1
+ & "C:\Program 
Files\nodejs/node.exe" 
"C:\Program 
Files\nodejs/node_mo ...
+ ~~~~~~~~~~~~~~~~~~~~~~~
~~~~~~~~~~~~~~~~~~~~~~~~~
~~~~~~~~~~~~~~~~~~~~~
    + CategoryInfo       
       : NotSpecified:   
  (Failed to compile.:   
 String) [], RemoteEx    
ception
    + FullyQualifiedErro 
   rId : NativeCommandE  
  rror
 

./app/admin/top-up/compon
ents/TopUpForm.tsx
Error:   [31mx[0m 
Unexpected token `div`. 
Expected jsx identifier
     ,-[[36;1;4mC:\Users
\KING FLEXY GH\.gemini\an
tigravity\KingFlexyGh 
Site Files\KingFlexyGh\ap
p\admin\top-up\components
\TopUpForm.tsx[0m:183:1]
 [2m180[0m |     }
 [2m181[0m | 
 [2m182[0m |     
return (
 [2m183[0m |         
<div 
className="space-y-5">
     : [35;1m         
^^^[0m
 [2m184[0m |           
  {/* Amount Zone */}
 [2m185[0m |           
  <div 
className="space-y-2">
 [2m186[0m |           
      <Label 
htmlFor="topup-amount" cl
assName="font-semibold">A
mount (GHS)</Label>
     `----

Caused by:
    Syntax Error

Import trace for 
requested module:
./app/admin/top-up/compon
ents/TopUpForm.tsx
./app/admin/top-up/page.t
sx


> Build failed because 
of webpack errors
