app/dashboard/upgrade/page.tsx(135,13): error TS2322: Type 'number' is not assignable to type 'Timeout'.
kingflexy-mobile/app/(tabs)/home.tsx(5,10): error TS2786: 'View' cannot be used as a JSX component.
  Its type 'typeof View' is not a valid JSX element type.
    Type 'typeof View' is not assignable to type 'new (props: any, deprecatedLegacyContext?: any) => Component<any, any, any>'.
      Property 'refs' is missing in type 'ReactNativeElement & ViewComponent' but required in type 'Component<any, any, any>'.
kingflexy-mobile/app/(tabs)/home.tsx(6,14): error TS2786: 'Text' cannot be used as a JSX component.
  Its type 'typeof Text' is not a valid JSX element type.
    Type 'typeof Text' is not assignable to type 'new (props: any, deprecatedLegacyContext?: any) => Component<any, any, any>'.
      Property 'refs' is missing in type 'ReactNativeElement & TextComponent' but required in type 'Component<any, any, any>'.
kingflexy-mobile/app/_layout.tsx(41,14): error TS2786: 'View' cannot be used as a JSX component.
  Its type 'typeof View' is not a valid JSX element type.
    Type 'typeof View' is not assignable to type 'new (props: any, deprecatedLegacyContext?: any) => Component<any, any, any>'.
      Property 'refs' is missing in type 'ReactNativeElement & ViewComponent' but required in type 'Component<any, any, any>'.
kingflexy-mobile/app/_layout.tsx(42,18): error TS2786: 'ActivityIndicator' cannot be used as a JSX component.
  Its type 'typeof ActivityIndicator' is not a valid JSX element type.
    Type 'typeof ActivityIndicator' is not assignable to type 'new (props: any, deprecatedLegacyContext?: any) => Component<any, any, any>'.
      Property 'refs' is missing in type 'ReactNativeElement & ActivityIndicatorComponent' but required in type 'Component<any, any, any>'.
