app/admin/top-up/components/TopUpForm.tsx(377,23): error TS17002: Expected corresponding JSX closing tag for 'DialogHeader'.
